2025-04-16 18:01:44,654 - root - INFO - the program is starting
2025-04-16 18:01:44,655 - graph - INFO - Graph loaded successfully.
2025-04-16 18:01:44,656 - graph - INFO - Target to Node Map loaded successfully.
2025-04-16 18:01:44,656 - graph - INFO - Marked Node Map loaded successfully.
2025-04-16 18:01:44,656 - commandHandler - INFO - Path search completed.
2025-04-16 18:04:20,806 - root - INFO - the program is starting
2025-04-16 18:04:23,824 - graph - INFO - Graph loaded successfully.
2025-04-16 18:04:23,824 - graph - INFO - Target to Node Map loaded successfully.
2025-04-16 18:04:23,825 - graph - INFO - Marked Node Map loaded successfully.
2025-04-16 18:04:23,825 - commandHandler - INFO - Path search completed.
2025-04-16 22:50:35,729 - root - INFO - the program is starting
2025-04-16 22:53:13,997 - root - INFO - the program is starting
2025-04-16 22:57:25,891 - root - INFO - the program is starting
2025-04-17 16:47:43,544 - root - INFO - the program is starting
2025-04-17 16:54:33,338 - root - INFO - the program is starting
2025-04-17 16:56:48,387 - root - INFO - the program is starting
2025-04-17 16:59:11,181 - root - INFO - the program is starting
2025-04-17 17:00:23,445 - root - INFO - the program is starting
2025-04-17 17:01:58,284 - root - INFO - the program is starting
2025-04-17 17:05:36,777 - root - INFO - the program is starting
2025-04-17 17:10:30,331 - root - INFO - the program is starting
2025-04-17 17:24:31,598 - root - INFO - the program is starting
2025-04-17 17:26:24,201 - root - INFO - the program is starting
2025-04-17 17:30:18,664 - root - INFO - the program is starting
2025-04-17 17:32:02,131 - root - INFO - the program is starting
2025-04-17 17:37:06,643 - root - INFO - the program is starting
2025-04-17 17:40:48,001 - root - INFO - the program is starting
2025-04-17 17:41:09,461 - root - INFO - the program is starting
2025-04-17 17:42:02,913 - root - INFO - the program is starting
2025-04-17 17:44:59,138 - root - INFO - the program is starting
2025-04-17 18:33:51,590 - root - INFO - the program is starting
2025-04-17 18:35:56,335 - root - INFO - the program is starting
2025-04-17 18:47:52,303 - root - INFO - the program is starting
2025-04-17 18:49:31,642 - root - INFO - the program is starting
2025-04-17 18:55:32,586 - root - INFO - the program is starting
2025-04-17 18:56:24,681 - root - INFO - the program is starting
2025-04-17 18:56:50,227 - root - INFO - the program is starting
2025-04-17 18:59:25,250 - root - INFO - the program is starting
2025-04-17 19:01:58,979 - root - INFO - the program is starting
2025-04-17 19:08:28,844 - root - INFO - the program is starting
2025-04-17 19:08:30,582 - root - INFO - the program is starting
2025-04-17 19:08:58,006 - root - INFO - the program is starting
2025-04-17 19:15:32,858 - root - INFO - the program is starting
2025-04-17 19:21:52,453 - root - INFO - the program is starting
2025-04-17 19:28:42,732 - root - INFO - the program is starting
2025-04-17 19:29:59,382 - root - INFO - the program is starting
2025-04-17 19:39:29,305 - root - INFO - the program is starting
2025-04-17 20:23:27,802 - root - INFO - the program is starting
2025-04-17 20:27:34,760 - root - INFO - the program is starting
2025-04-17 20:31:14,622 - root - INFO - the program is starting
2025-04-17 20:39:17,543 - root - INFO - the program is starting
2025-04-17 20:39:56,323 - root - INFO - the program is starting
2025-04-17 20:41:43,607 - root - INFO - the program is starting
2025-04-17 20:57:32,923 - root - INFO - the program is starting
2025-04-17 21:02:02,456 - root - INFO - the program is starting
2025-04-17 21:02:44,923 - root - INFO - the program is starting
2025-04-17 21:03:15,837 - root - INFO - the program is starting
2025-04-17 21:04:23,673 - root - INFO - the program is starting
2025-04-17 21:06:08,915 - root - INFO - the program is starting
2025-04-17 21:09:27,867 - root - INFO - the program is starting
2025-04-17 21:10:28,718 - root - INFO - the program is starting
2025-04-17 21:12:25,057 - root - INFO - the program is starting
2025-04-17 21:14:33,386 - root - INFO - the program is starting
2025-04-17 21:16:44,724 - root - INFO - the program is starting
2025-04-17 21:20:46,059 - root - INFO - the program is starting
2025-04-17 21:22:53,457 - root - INFO - the program is starting
2025-04-17 21:23:21,589 - root - INFO - the program is starting
2025-04-17 21:23:57,211 - root - INFO - the program is starting
2025-04-17 21:26:45,743 - root - INFO - the program is starting
2025-04-17 21:29:52,072 - root - INFO - the program is starting
2025-04-17 21:30:42,400 - root - INFO - the program is starting
2025-04-18 16:27:37,188 - root - INFO - the program is starting
2025-04-18 16:29:07,663 - graph - INFO - Graph loaded successfully.
2025-04-18 16:29:07,664 - graph - INFO - Target to Node Map loaded successfully.
2025-04-18 16:29:07,664 - graph - INFO - Marked Node Map loaded successfully.
2025-04-18 16:29:07,664 - commandHandler - INFO - Path search completed.
2025-04-18 16:36:20,987 - root - INFO - the program is starting
2025-04-18 16:36:23,590 - graph - INFO - Graph loaded successfully.
2025-04-18 16:36:23,590 - graph - INFO - Target to Node Map loaded successfully.
2025-04-18 16:36:23,591 - graph - INFO - Marked Node Map loaded successfully.
2025-04-18 16:36:23,591 - commandHandler - INFO - Path search completed.
2025-04-18 16:41:13,384 - root - INFO - the program is starting
2025-04-18 16:41:15,320 - graph - INFO - Graph loaded successfully.
2025-04-18 16:41:15,321 - graph - INFO - Target to Node Map loaded successfully.
2025-04-18 16:41:15,321 - graph - INFO - Marked Node Map loaded successfully.
2025-04-18 16:41:15,321 - commandHandler - INFO - Path search completed.
2025-04-18 16:41:17,064 - commandHandler - INFO - Path search completed.
2025-04-18 16:42:14,712 - root - INFO - the program is starting
2025-04-18 16:42:29,252 - graph - INFO - Graph loaded successfully.
2025-04-18 16:42:29,253 - graph - INFO - Target to Node Map loaded successfully.
2025-04-18 16:42:29,253 - graph - INFO - Marked Node Map loaded successfully.
2025-04-18 16:42:29,253 - commandHandler - INFO - Path search completed.
2025-04-18 16:46:44,028 - root - INFO - the program is starting
2025-04-18 16:47:34,980 - graph - INFO - Graph loaded successfully.
2025-04-18 16:47:34,980 - graph - INFO - Target to Node Map loaded successfully.
2025-04-18 16:47:34,981 - graph - INFO - Marked Node Map loaded successfully.
2025-04-18 16:48:20,395 - root - INFO - the program is starting
2025-04-18 16:48:22,176 - graph - INFO - Graph loaded successfully.
2025-04-18 16:48:22,176 - graph - INFO - Target to Node Map loaded successfully.
2025-04-18 16:48:22,176 - graph - INFO - Marked Node Map loaded successfully.
2025-04-18 16:54:20,666 - root - INFO - the program is starting
2025-04-18 16:54:21,724 - graph - INFO - Graph loaded successfully.
2025-04-18 16:54:21,726 - graph - INFO - Target to Node Map loaded successfully.
2025-04-18 16:54:21,726 - graph - INFO - Marked Node Map loaded successfully.
2025-04-18 16:54:21,733 - commandHandler - INFO - Path search completed.
2025-04-18 16:55:58,791 - root - INFO - the program is starting
2025-04-18 16:56:00,642 - graph - INFO - Graph loaded successfully.
2025-04-18 16:56:00,643 - graph - INFO - Target to Node Map loaded successfully.
2025-04-18 16:56:00,643 - graph - INFO - Marked Node Map loaded successfully.
2025-04-18 16:56:00,649 - commandHandler - INFO - Path search completed.
2025-04-18 21:05:48,362 - root - INFO - the program is starting
2025-04-18 21:05:57,591 - graph - INFO - Graph loaded successfully.
2025-04-18 21:05:57,591 - graph - INFO - Target to Node Map loaded successfully.
2025-04-18 21:05:57,592 - graph - INFO - Marked Node Map loaded successfully.
2025-04-18 21:05:57,592 - commandHandler - INFO - Path search completed.
2025-04-18 21:06:54,247 - commandHandler - INFO - Path search completed.
2025-04-19 17:59:17,440 - root - INFO - the program is starting
2025-04-19 17:59:20,273 - graph - INFO - Graph loaded successfully.
2025-04-19 17:59:20,274 - graph - INFO - Target to Node Map loaded successfully.
2025-04-19 17:59:20,274 - graph - INFO - Marked Node Map loaded successfully.
2025-04-19 17:59:20,285 - commandHandler - INFO - Path search completed.
2025-04-19 17:59:31,115 - commandHandler - INFO - Path search completed.
2025-04-19 18:00:40,824 - root - INFO - the program is starting
2025-04-19 18:00:41,883 - graph - INFO - Graph loaded successfully.
2025-04-19 18:00:41,883 - graph - INFO - Target to Node Map loaded successfully.
2025-04-19 18:00:41,884 - graph - INFO - Marked Node Map loaded successfully.
2025-04-19 18:00:41,884 - commandHandler - INFO - Path search completed.
2025-04-19 18:01:24,466 - commandHandler - INFO - Path search completed.
2025-04-21 15:50:52,205 - root - INFO - the program is starting
2025-04-21 15:50:57,573 - graph - INFO - Graph loaded successfully.
2025-04-21 15:50:57,574 - graph - INFO - Target to Node Map loaded successfully.
2025-04-21 15:50:57,575 - graph - INFO - Marked Node Map loaded successfully.
2025-04-21 15:50:57,575 - commandHandler - INFO - Path search completed.
2025-04-21 16:04:41,041 - root - INFO - the program is starting
2025-04-21 16:04:45,328 - graph - INFO - Graph loaded successfully.
2025-04-21 16:04:45,329 - graph - INFO - Target to Node Map loaded successfully.
2025-04-21 16:04:45,329 - graph - INFO - Marked Node Map loaded successfully.
2025-04-21 16:04:45,330 - commandHandler - INFO - Path search completed.
2025-04-21 16:08:49,114 - root - INFO - the program is starting
2025-04-21 16:08:50,749 - graph - INFO - Graph loaded successfully.
2025-04-21 16:08:50,750 - graph - INFO - Target to Node Map loaded successfully.
2025-04-21 16:08:50,750 - graph - INFO - Marked Node Map loaded successfully.
2025-04-21 16:08:50,751 - commandHandler - INFO - Path search completed.
2025-04-21 16:12:13,670 - root - INFO - the program is starting
2025-04-21 16:12:15,865 - graph - INFO - Graph loaded successfully.
2025-04-21 16:12:15,866 - graph - INFO - Target to Node Map loaded successfully.
2025-04-21 16:12:15,866 - graph - INFO - Marked Node Map loaded successfully.
2025-04-21 16:12:15,866 - commandHandler - INFO - Path search completed.
2025-04-21 16:12:29,331 - root - INFO - the program is starting
2025-04-21 16:12:31,478 - graph - INFO - Graph loaded successfully.
2025-04-21 16:12:31,479 - graph - INFO - Target to Node Map loaded successfully.
2025-04-21 16:12:31,479 - graph - INFO - Marked Node Map loaded successfully.
2025-04-21 16:12:31,479 - commandHandler - INFO - Path search completed.
2025-04-21 16:24:17,711 - root - INFO - the program is starting
2025-04-21 16:24:20,947 - graph - INFO - Graph loaded successfully.
2025-04-21 16:24:20,948 - graph - INFO - Target to Node Map loaded successfully.
2025-04-21 16:24:20,949 - graph - INFO - Marked Node Map loaded successfully.
2025-04-21 16:24:20,949 - commandHandler - INFO - Path search completed.
2025-04-21 16:32:19,427 - root - INFO - the program is starting
2025-04-21 16:32:21,744 - graph - INFO - Graph loaded successfully.
2025-04-21 16:32:21,745 - graph - INFO - Target to Node Map loaded successfully.
2025-04-21 16:32:21,745 - graph - INFO - Marked Node Map loaded successfully.
2025-04-21 16:32:21,746 - commandHandler - INFO - Path search completed.
2025-04-21 16:37:38,035 - root - INFO - the program is starting
2025-04-21 16:49:13,574 - root - INFO - the program is starting
2025-04-21 16:49:17,519 - graph - INFO - Graph loaded successfully.
2025-04-21 16:49:17,520 - graph - INFO - Target to Node Map loaded successfully.
2025-04-21 16:49:17,520 - graph - INFO - Marked Node Map loaded successfully.
2025-04-21 16:49:17,521 - commandHandler - INFO - Path search completed.
2025-04-21 16:53:31,675 - root - INFO - the program is starting
2025-04-21 16:53:33,488 - graph - INFO - Graph loaded successfully.
2025-04-21 16:53:33,489 - graph - INFO - Target to Node Map loaded successfully.
2025-04-21 16:53:33,489 - graph - INFO - Marked Node Map loaded successfully.
2025-04-21 16:53:33,490 - commandHandler - INFO - Path search completed.
2025-04-21 16:54:30,362 - root - INFO - the program is starting
2025-04-21 16:54:32,090 - graph - INFO - Graph loaded successfully.
2025-04-21 16:54:32,091 - graph - INFO - Target to Node Map loaded successfully.
2025-04-21 16:54:32,092 - graph - INFO - Marked Node Map loaded successfully.
2025-04-21 16:54:32,092 - commandHandler - INFO - Path search completed.
2025-04-21 17:02:20,061 - root - INFO - the program is starting
2025-04-21 17:02:22,760 - graph - INFO - Graph loaded successfully.
2025-04-21 17:02:22,761 - graph - INFO - Target to Node Map loaded successfully.
2025-04-21 17:02:22,761 - graph - INFO - Marked Node Map loaded successfully.
2025-04-21 17:02:22,761 - commandHandler - INFO - Path search completed.
